[2026-08-04 16:57:03] ========== NEW RUN STARTED ==========
[2026-08-04 17:27:36] Crawling https://www.width.ai/
[2026-08-04 17:33:07] Extraction completed: Width.ai
[2026-08-04 17:36:01] Gap analysis completed: Width.ai
[2026-08-04 17:39:07] Match Score: Width.ai = 90%
[2026-08-04 17:46:45] Proposal saved for Width.ai
[2026-08-04 17:46:45] JSON exported for Width.ai
[2026-08-04 17:46:45] Crawling https://www.artlumen.co.in/machine_learning_solution.php
[2026-08-04 17:54:48] Extraction completed: ArtLumen
[2026-08-04 17:56:47] Gap analysis completed: ArtLumen
[2026-08-04 17:59:04] Match Score: ArtLumen = 70%
[2026-08-04 18:02:51] Proposal saved for ArtLumen
[2026-08-04 18:02:51] JSON exported for ArtLumen
[2026-08-04 18:02:51] Crawling https://arstudioz.com/artificial-intelligence
[2026-08-04 18:06:34] Extraction completed: ArStudioz
[2026-08-04 18:08:28] Gap analysis completed: ArStudioz
[2026-08-04 18:10:53] Match Score: ArStudioz = 90%
[2026-08-04 18:18:49] Proposal saved for ArStudioz
[2026-08-04 18:18:49] JSON exported for ArStudioz
[2026-08-04 18:18:49] Crawling https://www.aniktantra.in/aniktantra-3-artificial-intelligence-machine-learning/
[2026-08-04 18:23:25] Extraction completed: Aniktantra
[2026-08-04 18:25:15] Gap analysis completed: Aniktantra
[2026-08-04 18:28:19] Match Score: Aniktantra = 0%
[2026-08-04 18:28:19] JSON exported for Aniktantra
[2026-08-04 18:28:19] Crawling https://ml1.ai/
[2026-08-04 18:28:39] Crawling https://www.opinosis-analytics.com/
[2026-08-04 18:39:11] Extraction completed: Opinosis Analytics
[2026-08-04 18:42:09] Gap analysis completed: Opinosis Analytics
[2026-08-04 18:45:14] Match Score: Opinosis Analytics = 90%
